[dotenv@17.3.1] injecting env (38) from .env -- tip: ≡ƒöÉ encrypt with Dotenvx: https://dotenvx.com
Testing Notion Context Layer...

node.exe : Γ¥î Failed 
to interact with 
Notion:
At C:\Program Files\nod
ejs\npx.ps1:29 char:3
+   & $NODE_EXE 
$NPX_CLI_JS $args
+   ~~~~~~~~~~~~~~~~~~~
~~~~~~~~~~
    + CategoryInfo     
         : NotSpecifi  
  ed: (Γ¥î Failed to   
  interact with Not    
ion::String) [], R    
emoteException
    + FullyQualifiedEr 
   rorId : NativeComm  
  andError
 
TypeError: notionClient
.databases.query is 
not a function
    at getTasks (C:\Use
rs\Administrator\Deskto
p\FlowMind\lib\notion.t
s:73:51)
    at main (C:\Users\A
dministrator\Desktop\Fl
owMind\scripts\test-not
ion.ts:11:29)
    at <anonymous> (C:\
Users\Administrator\Des
ktop\FlowMind\scripts\t
est-notion.ts:27:1)
    at 
Object.<anonymous> (C:\
Users\Administrator\Des
ktop\FlowMind\scripts\t
est-notion.ts:27:6)
    at Module._compile 
(node:internal/modules/
cjs/loader:1562:14)
    at 
Object.transformer (C:\
Users\Administrator\App
Data\Local\npm-cache\_n
px\fd45a72a545557e9\nod
e_modules\tsx\dist\regi
ster-D46fvsV_.cjs:3:110
4)
    at Module.load (nod
e:internal/modules/cjs/
loader:1313:32)
    at Function._load (
node:internal/modules/c
js/loader:1123:12)
    at TracingChannel.t
raceSync (node:diagnost
ics_channel:322:14)
    at wrapModuleLoad (
node:internal/modules/c
js/loader:217:24)
